{
    "Name": "atlassian",
    "Avatar": "https://bitbucket.org/workspaces/atlassian/avatar"
}
